// Jest Snapshot v1, https://goo.gl/fbAQLP

exports[`Button Renders correctly 1`] = `
<div
  className="text-center"
>
  <button
    className="btn btn-warning"
    data-testid="button"
  />
</div>
`;
